------------------------------------------------------------
TimeQuest Timing Analyzer Summary
------------------------------------------------------------

Type  : Slow 1100mV 85C Model Setup 'datapath:dp|reg4_dealercard1:comb_7|dealer_card[0]'
Slack : -22.981
TNS   : -167.945

Type  : Slow 1100mV 85C Model Setup 'KEY[0]'
Slack : -11.821
TNS   : -107.086

Type  : Slow 1100mV 85C Model Setup 'CLOCK_50'
Slack : -0.717
TNS   : -4.058

Type  : Slow 1100mV 85C Model Hold 'datapath:dp|reg4_dealercard1:comb_7|dealer_card[0]'
Slack : -7.444
TNS   : -73.747

Type  : Slow 1100mV 85C Model Hold 'KEY[0]'
Slack : -5.495
TNS   : -95.296

Type  : Slow 1100mV 85C Model Hold 'CLOCK_50'
Slack : 0.518
TNS   : 0.000

Type  : Slow 1100mV 85C Model Minimum Pulse Width 'datapath:dp|reg4_dealercard1:comb_7|dealer_card[0]'
Slack : -6.144
TNS   : -1712.606

Type  : Slow 1100mV 85C Model Minimum Pulse Width 'KEY[0]'
Slack : -0.394
TNS   : -16.101

Type  : Slow 1100mV 85C Model Minimum Pulse Width 'CLOCK_50'
Slack : -0.394
TNS   : -3.113

Type  : Slow 1100mV 0C Model Setup 'datapath:dp|reg4_dealercard1:comb_7|dealer_card[0]'
Slack : -22.733
TNS   : -168.167

Type  : Slow 1100mV 0C Model Setup 'KEY[0]'
Slack : -11.748
TNS   : -110.948

Type  : Slow 1100mV 0C Model Setup 'CLOCK_50'
Slack : -0.755
TNS   : -4.182

Type  : Slow 1100mV 0C Model Hold 'datapath:dp|reg4_dealercard1:comb_7|dealer_card[0]'
Slack : -7.698
TNS   : -78.361

Type  : Slow 1100mV 0C Model Hold 'KEY[0]'
Slack : -5.455
TNS   : -95.455

Type  : Slow 1100mV 0C Model Hold 'CLOCK_50'
Slack : 0.531
TNS   : 0.000

Type  : Slow 1100mV 0C Model Minimum Pulse Width 'datapath:dp|reg4_dealercard1:comb_7|dealer_card[0]'
Slack : -6.376
TNS   : -1811.294

Type  : Slow 1100mV 0C Model Minimum Pulse Width 'KEY[0]'
Slack : -0.394
TNS   : -14.664

Type  : Slow 1100mV 0C Model Minimum Pulse Width 'CLOCK_50'
Slack : -0.394
TNS   : -3.379

Type  : Fast 1100mV 85C Model Setup 'datapath:dp|reg4_dealercard1:comb_7|dealer_card[0]'
Slack : -13.247
TNS   : -90.520

Type  : Fast 1100mV 85C Model Setup 'KEY[0]'
Slack : -7.211
TNS   : -51.455

Type  : Fast 1100mV 85C Model Setup 'CLOCK_50'
Slack : -0.017
TNS   : -0.033

Type  : Fast 1100mV 85C Model Hold 'datapath:dp|reg4_dealercard1:comb_7|dealer_card[0]'
Slack : -3.801
TNS   : -34.143

Type  : Fast 1100mV 85C Model Hold 'KEY[0]'
Slack : -3.040
TNS   : -51.835

Type  : Fast 1100mV 85C Model Hold 'CLOCK_50'
Slack : 0.237
TNS   : 0.000

Type  : Fast 1100mV 85C Model Minimum Pulse Width 'datapath:dp|reg4_dealercard1:comb_7|dealer_card[0]'
Slack : -2.870
TNS   : -699.028

Type  : Fast 1100mV 85C Model Minimum Pulse Width 'KEY[0]'
Slack : -0.343
TNS   : -7.998

Type  : Fast 1100mV 85C Model Minimum Pulse Width 'CLOCK_50'
Slack : -0.085
TNS   : -0.503

Type  : Fast 1100mV 0C Model Setup 'datapath:dp|reg4_dealercard1:comb_7|dealer_card[0]'
Slack : -12.181
TNS   : -85.970

Type  : Fast 1100mV 0C Model Setup 'KEY[0]'
Slack : -6.282
TNS   : -43.629

Type  : Fast 1100mV 0C Model Setup 'CLOCK_50'
Slack : 0.054
TNS   : 0.000

Type  : Fast 1100mV 0C Model Hold 'datapath:dp|reg4_dealercard1:comb_7|dealer_card[0]'
Slack : -3.574
TNS   : -31.643

Type  : Fast 1100mV 0C Model Hold 'KEY[0]'
Slack : -3.046
TNS   : -53.032

Type  : Fast 1100mV 0C Model Hold 'CLOCK_50'
Slack : 0.229
TNS   : 0.000

Type  : Fast 1100mV 0C Model Minimum Pulse Width 'datapath:dp|reg4_dealercard1:comb_7|dealer_card[0]'
Slack : -2.662
TNS   : -653.040

Type  : Fast 1100mV 0C Model Minimum Pulse Width 'KEY[0]'
Slack : -0.320
TNS   : -7.471

Type  : Fast 1100mV 0C Model Minimum Pulse Width 'CLOCK_50'
Slack : -0.082
TNS   : -0.488

------------------------------------------------------------
